// Jest Snapshot v1, https://goo.gl/fbAQLP

exports[`DetailsHeader empty Snapshot for default 1`] = `
<View
  style={
    Object {
      "flex": 1,
    }
  }
>
  <View
    style={
      Object {
        "backgroundColor": "rgb(78,15,255)",
        "height": 85,
      }
    }
  >
    <View
      style={
        Array [
          Object {
            "alignItems": "center",
            "flexDirection": "row",
            "justifyContent": "space-between",
            "paddingHorizontal": 24,
            "paddingTop": 40,
            "width": "100%",
          },
          Object {
            "backgroundColor": "rgb(78,15,255)",
          },
        ]
      }
    >
      <View
        style={
          Object {
            "alignItems": "center",
            "flexDirection": "row",
          }
        }
      >
        <View
          accessible={true}
          focusable={true}
          hitSlop={
            Object {
              "bottom": 15,
              "left": 15,
              "right": 15,
              "top": 15,
            }
          }
          onClick={[Function]}
          onResponderGrant={[Function]}
          onResponderMove={[Function]}
          onResponderRelease={[Function]}
          onResponderTerminate={[Function]}
          onResponderTerminationRequest={[Function]}
          onStartShouldSetResponder={[Function]}
          style={
            Object {
              "opacity": 1,
            }
          }
        >
          <Image
            resizeMode="contain"
            source={
              Object {
                "testUri": "../../../src/assets/icons/iconCloseWhite.png",
              }
            }
            style={
              Object {
                "height": 16,
                "marginTop": 3,
                "width": 16,
              }
            }
          />
        </View>
        <View
          style={
            Object {
              "flex": 1,
              "opacity": 0,
            }
          }
        >
          <Text
            style={
              Object {
                "color": "white",
                "fontSize": 16,
                "lineHeight": 20,
                "paddingHorizontal": 12,
              }
            }
          >
            Design System
          </Text>
        </View>
        <View
          accessible={true}
          focusable={true}
          hitSlop={
            Object {
              "bottom": 15,
              "left": 15,
              "right": 15,
              "top": 15,
            }
          }
          onClick={[Function]}
          onResponderGrant={[Function]}
          onResponderMove={[Function]}
          onResponderRelease={[Function]}
          onResponderTerminate={[Function]}
          onResponderTerminationRequest={[Function]}
          onStartShouldSetResponder={[Function]}
          style={
            Object {
              "opacity": 1,
            }
          }
        >
          <Image
            resizeMode="contain"
            source={
              Object {
                "testUri": "../../../src/assets/icons/Icon-Menu.png",
              }
            }
            style={
              Object {
                "height": 16,
                "marginTop": 3,
                "width": 16,
              }
            }
          />
        </View>
      </View>
    </View>
  </View>
  <RCTScrollView
    bounces={true}
    bouncesZoom={true}
    contentContainerStyle={
      Object {
        "backgroundColor": undefined,
        "minHeight": 1956.02,
      }
    }
    decelerationRate="fast"
    forwardedRef={[Function]}
    nestedScrollEnabled={true}
    onScroll={[Function]}
    onScrollEndDrag={[Function]}
    overScrollMode="never"
    scrollEventThrottle={1}
    showsVerticalScrollIndicator={false}
    stickyHeaderIndices={Array []}
  >
    <View>
      <View
        onLayout={[Function]}
        style={
          Object {
            "height": 707.02,
          }
        }
      >
        <View
          style={
            Array [
              Object {
                "height": 300,
                "left": 0,
                "overflow": "scroll",
                "position": "absolute",
                "right": 0,
                "top": -300,
              },
              Object {
                "backgroundColor": "rgb(78,15,255)",
              },
            ]
          }
        />
        <View
          style={
            Array [
              Object {
                "justifyContent": "flex-end",
                "left": 0,
                "marginBottom": 5,
                "paddingBottom": 3,
                "position": "absolute",
                "top": 0,
                "width": 750.5,
              },
              Object {
                "height": 707.02,
              },
            ]
          }
        >
          <View
            style={
              Object {
                "backgroundColor": "rgb(78,15,255)",
                "borderBottomRightRadius": 80,
                "height": "100%",
                "justifyContent": "flex-end",
                "width": "100%",
              }
            }
          />
        </View>
        <View
          style={
            Object {
              "backgroundColor": undefined,
              "height": 707.02,
            }
          }
        >
          <View
            style={
              Object {
                "flex": 1,
                "justifyContent": "flex-end",
                "paddingHorizontal": 24,
              }
            }
          >
            <View
              style={
                Object {
                  "alignItems": "center",
                  "alignSelf": "flex-start",
                  "borderRadius": 18,
                  "height": 36,
                  "justifyContent": "center",
                  "labelColor": "rgb(89,80,249)",
                  "opacity": 1,
                }
              }
            >
              <Text
                style={
                  Object {
                    "color": "white",
                    "paddingHorizontal": 12,
                  }
                }
              >
                Product Design
              </Text>
            </View>
            <View
              style={
                Object {
                  "opacity": 1,
                  "paddingBottom": 24,
                  "paddingTop": 24,
                }
              }
            >
              <Text
                numberOfLines={3}
                style={
                  Object {
                    "color": "white",
                    "fontSize": 75,
                    "letterSpacing": -1,
                    "lineHeight": 90,
                  }
                }
              >
                Design System
              </Text>
            </View>
            <View
              style={
                Object {
                  "flexDirection": "row",
                  "opacity": 1,
                  "paddingBottom": 32,
                }
              }
            >
              <View
                style={
                  Object {
                    "backgroundColor": "white",
                    "borderRadius": 8,
                    "flexDirection": "row",
                    "padding": 8,
                    "width": 56,
                  }
                }
              >
                <Image
                  source={
                    Object {
                      "testUri": "../../../src/assets/icons/cards_black.png",
                    }
                  }
                  style={
                    Object {
                      "height": 16,
                      "marginTop": 3,
                      "width": 16,
                    }
                  }
                />
                <Text
                  style={
                    Object {
                      "color": "black",
                      "fontSize": 16,
                      "lineHeight": 20,
                      "paddingLeft": 4,
                    }
                  }
                >
                  10
                </Text>
              </View>
              <View
                style={
                  Object {
                    "alignItems": "center",
                    "flex": 1,
                    "flexDirection": "row",
                    "justifyContent": "flex-start",
                    "marginHorizontal": 24,
                  }
                }
              >
                <Image
                  resizeMode="contain"
                  source={
                    Object {
                      "testUri": "../../../src/assets/images/photosPortraitBrandon.png",
                    }
                  }
                  style={
                    Object {
                      "borderRadius": 8,
                      "height": 32,
                      "width": 32,
                    }
                  }
                />
                <Text
                  numberOfLines={1}
                  style={
                    Object {
                      "color": "white",
                      "fontSize": 16,
                      "lineHeight": 20,
                      "paddingLeft": 12,
                    }
                  }
                >
                  Brandon
                </Text>
              </View>
            </View>
          </View>
        </View>
      </View>
      <View
        onLayout={[Function]}
        style={
          Object {
            "flex": 1,
          }
        }
      >
        <RCTScrollView
          alwaysBounceVertical={false}
          automaticallyAdjustContentInsets={false}
          contentContainerStyle={
            Object {
              "minHeight": 541.98,
            }
          }
          contentOffset={
            Object {
              "x": 0,
            }
          }
          directionalLockEnabled={true}
          forwardedRef={[Function]}
          horizontal={true}
          keyboardDismissMode="on-drag"
          onMomentumScrollEnd={[Function]}
          onScroll={[Function]}
          pagingEnabled={true}
          scrollEnabled={false}
          scrollEventThrottle={16}
          scrollsToTop={false}
          showsHorizontalScrollIndicator={false}
        >
          <View>
            <View
              style={
                Array [
                  Object {
                    "maxHeight": null,
                    "minHeight": 541.98,
                    "width": 750,
                  },
                  Object {},
                ]
              }
            >
              <View
                style={
                  Object {
                    "alignItems": "center",
                    "flex": 1,
                    "justifyContent": "center",
                    "paddingBottom": 24,
                    "paddingHorizontal": 24,
                  }
                }
              >
                <View
                  accessible={true}
                  focusable={false}
                  onClick={[Function]}
                  onResponderGrant={[Function]}
                  onResponderMove={[Function]}
                  onResponderRelease={[Function]}
                  onResponderTerminate={[Function]}
                  onResponderTerminationRequest={[Function]}
                  onStartShouldSetResponder={[Function]}
                  style={
                    Object {
                      "backgroundColor": "white",
                      "borderColor": "rgb(246,245,248)",
                      "borderRadius": 24,
                      "borderWidth": 2,
                      "marginTop": 12,
                      "opacity": 1,
                      "paddingHorizontal": 20,
                      "paddingVertical": 16,
                      "shadowColor": "rgb(35,35,35)",
                      "shadowOffset": Object {
                        "heght": 2,
                        "width": 2,
                      },
                      "shadowOpacity": 0.08,
                      "shadowRadius": 40,
                      "width": "100%",
                    }
                  }
                >
                  <View
                    style={
                      Object {
                        "alignItems": "center",
                        "flexDirection": "row",
                        "justifyContent": "space-between",
                        "paddingBottom": 8,
                      }
                    }
                  >
                    <View
                      style={
                        Object {
                          "backgroundColor": "rgb(246,245,248)",
                          "borderRadius": 16,
                        }
                      }
                    >
                      <Text
                        style={
                          Object {
                            "color": "rgb(71,71,71)",
                            "fontSize": 12,
                            "letterSpacing": 0.8,
                            "lineHeight": 16,
                            "paddingHorizontal": 8,
                            "paddingVertical": 4,
                          }
                        }
                      >
                        1/4
                      </Text>
                    </View>
                  </View>
                  <View>
                    <Text
                      style={
                        Object {
                          "color": "black",
                          "fontSize": 20,
                          "lineHeight": 24,
                          "paddingBottom": 20,
                          "paddingTop": 8,
                        }
                      }
                    >
                      Can design system contain information about copywriting?
                    </Text>
                  </View>
                  <View
                    accessible={true}
                    focusable={true}
                    onClick={[Function]}
                    onResponderGrant={[Function]}
                    onResponderMove={[Function]}
                    onResponderRelease={[Function]}
                    onResponderTerminate={[Function]}
                    onResponderTerminationRequest={[Function]}
                    onStartShouldSetResponder={[Function]}
                    style={
                      Object {
                        "alignItems": "center",
                        "backgroundColor": "rgb(246,245,248)",
                        "borderRadius": 24,
                        "flexDirection": "row",
                        "marginBottom": 4,
                        "marginTop": 4,
                        "minHeight": 48,
                        "opacity": 1,
                        "width": 562.5,
                      }
                    }
                  >
                    <View
                      style={
                        Array [
                          Object {
                            "alignItems": "center",
                            "backgroundColor": "white",
                            "borderRadius": 17.5,
                            "justifyContent": "center",
                            "margin": 6,
                            "minHeight": 36,
                            "width": 36,
                          },
                          Object {
                            "paddingVertical": 0,
                          },
                        ]
                      }
                    >
                      <Text
                        style={
                          Object {
                            "color": "black",
                          }
                        }
                      >
                        A
                      </Text>
                    </View>
                    <View
                      onLayout={[Function]}
                      style={
                        Object {
                          "alignContent": "center",
                          "justifyContent": "center",
                          "paddingLeft": 7,
                          "paddingVertical": 5,
                          "width": "80%",
                        }
                      }
                    >
                      <Text
                        style={
                          Object {
                            "color": "black",
                            "fontSize": 16,
                            "lineHeight": 24,
                          }
                        }
                      >
                        Yes
                      </Text>
                    </View>
                  </View>
                  <View
                    accessible={true}
                    focusable={true}
                    onClick={[Function]}
                    onResponderGrant={[Function]}
                    onResponderMove={[Function]}
                    onResponderRelease={[Function]}
                    onResponderTerminate={[Function]}
                    onResponderTerminationRequest={[Function]}
                    onStartShouldSetResponder={[Function]}
                    style={
                      Object {
                        "alignItems": "center",
                        "backgroundColor": "rgb(246,245,248)",
                        "borderRadius": 24,
                        "flexDirection": "row",
                        "marginBottom": 4,
                        "marginTop": 4,
                        "minHeight": 48,
                        "opacity": 1,
                        "width": 562.5,
                      }
                    }
                  >
                    <View
                      style={
                        Array [
                          Object {
                            "alignItems": "center",
                            "backgroundColor": "white",
                            "borderRadius": 17.5,
                            "justifyContent": "center",
                            "margin": 6,
                            "minHeight": 36,
                            "width": 36,
                          },
                          Object {
                            "paddingVertical": 0,
                          },
                        ]
                      }
                    >
                      <Text
                        style={
                          Object {
                            "color": "black",
                          }
                        }
                      >
                        B
                      </Text>
                    </View>
                    <View
                      onLayout={[Function]}
                      style={
                        Object {
                          "alignContent": "center",
                          "justifyContent": "center",
                          "paddingLeft": 7,
                          "paddingVertical": 5,
                          "width": "80%",
                        }
                      }
                    >
                      <Text
                        style={
                          Object {
                            "color": "black",
                            "fontSize": 16,
                            "lineHeight": 24,
                          }
                        }
                      >
                        No
                      </Text>
                    </View>
                  </View>
                </View>
                <View
                  accessible={true}
                  focusable={false}
                  onClick={[Function]}
                  onResponderGrant={[Function]}
                  onResponderMove={[Function]}
                  onResponderRelease={[Function]}
                  onResponderTerminate={[Function]}
                  onResponderTerminationRequest={[Function]}
                  onStartShouldSetResponder={[Function]}
                  style={
                    Object {
                      "backgroundColor": "white",
                      "borderColor": "rgb(246,245,248)",
                      "borderRadius": 24,
                      "borderWidth": 2,
                      "marginTop": 12,
                      "opacity": 1,
                      "paddingHorizontal": 20,
                      "paddingVertical": 16,
                      "shadowColor": "rgb(35,35,35)",
                      "shadowOffset": Object {
                        "heght": 2,
                        "width": 2,
                      },
                      "shadowOpacity": 0.08,
                      "shadowRadius": 40,
                      "width": "100%",
                    }
                  }
                >
                  <View
                    style={
                      Object {
                        "alignItems": "center",
                        "flexDirection": "row",
                        "justifyContent": "space-between",
                        "paddingBottom": 8,
                      }
                    }
                  >
                    <View
                      style={
                        Object {
                          "backgroundColor": "rgb(246,245,248)",
                          "borderRadius": 16,
                        }
                      }
                    >
                      <Text
                        style={
                          Object {
                            "color": "rgb(71,71,71)",
                            "fontSize": 12,
                            "letterSpacing": 0.8,
                            "lineHeight": 16,
                            "paddingHorizontal": 8,
                            "paddingVertical": 4,
                          }
                        }
                      >
                        2/4
                      </Text>
                    </View>
                  </View>
                  <View>
                    <Text
                      style={
                        Object {
                          "color": "black",
                          "fontSize": 20,
                          "lineHeight": 24,
                          "paddingBottom": 20,
                          "paddingTop": 8,
                        }
                      }
                    >
                      Who is taking care of managing a design system?
                    </Text>
                  </View>
                  <View
                    accessible={true}
                    focusable={true}
                    onClick={[Function]}
                    onResponderGrant={[Function]}
                    onResponderMove={[Function]}
                    onResponderRelease={[Function]}
                    onResponderTerminate={[Function]}
                    onResponderTerminationRequest={[Function]}
                    onStartShouldSetResponder={[Function]}
                    style={
                      Object {
                        "alignItems": "center",
                        "backgroundColor": "rgb(246,245,248)",
                        "borderRadius": 24,
                        "flexDirection": "row",
                        "marginBottom": 4,
                        "marginTop": 4,
                        "minHeight": 48,
                        "opacity": 1,
                        "width": 562.5,
                      }
                    }
                  >
                    <View
                      style={
                        Array [
                          Object {
                            "alignItems": "center",
                            "backgroundColor": "white",
                            "borderRadius": 17.5,
                            "justifyContent": "center",
                            "margin": 6,
                            "minHeight": 36,
                            "width": 36,
                          },
                          Object {
                            "paddingVertical": 0,
                          },
                        ]
                      }
                    >
                      <Text
                        style={
                          Object {
                            "color": "black",
                          }
                        }
                      >
                        A
                      </Text>
                    </View>
                    <View
                      onLayout={[Function]}
                      style={
                        Object {
                          "alignContent": "center",
                          "justifyContent": "center",
                          "paddingLeft": 7,
                          "paddingVertical": 5,
                          "width": "80%",
                        }
                      }
                    >
                      <Text
                        style={
                          Object {
                            "color": "black",
                            "fontSize": 16,
                            "lineHeight": 24,
                          }
                        }
                      >
                        Product Designer
                      </Text>
                    </View>
                  </View>
                  <View
                    accessible={true}
                    focusable={true}
                    onClick={[Function]}
                    onResponderGrant={[Function]}
                    onResponderMove={[Function]}
                    onResponderRelease={[Function]}
                    onResponderTerminate={[Function]}
                    onResponderTerminationRequest={[Function]}
                    onStartShouldSetResponder={[Function]}
                    style={
                      Object {
                        "alignItems": "center",
                        "backgroundColor": "rgb(246,245,248)",
                        "borderRadius": 24,
                        "flexDirection": "row",
                        "marginBottom": 4,
                        "marginTop": 4,
                        "minHeight": 48,
                        "opacity": 1,
                        "width": 562.5,
                      }
                    }
                  >
                    <View
                      style={
                        Array [
                          Object {
                            "alignItems": "center",
                            "backgroundColor": "white",
                            "borderRadius": 17.5,
                            "justifyContent": "center",
                            "margin": 6,
                            "minHeight": 36,
                            "width": 36,
                          },
                          Object {
                            "paddingVertical": 0,
                          },
                        ]
                      }
                    >
                      <Text
                        style={
                          Object {
                            "color": "black",
                          }
                        }
                      >
                        B
                      </Text>
                    </View>
                    <View
                      onLayout={[Function]}
                      style={
                        Object {
                          "alignContent": "center",
                          "justifyContent": "center",
                          "paddingLeft": 7,
                          "paddingVertical": 5,
                          "width": "80%",
                        }
                      }
                    >
                      <Text
                        style={
                          Object {
                            "color": "black",
                            "fontSize": 16,
                            "lineHeight": 24,
                          }
                        }
                      >
                        UI Designer
                      </Text>
                    </View>
                  </View>
                  <View
                    accessible={true}
                    focusable={true}
                    onClick={[Function]}
                    onResponderGrant={[Function]}
                    onResponderMove={[Function]}
                    onResponderRelease={[Function]}
                    onResponderTerminate={[Function]}
                    onResponderTerminationRequest={[Function]}
                    onStartShouldSetResponder={[Function]}
                    style={
                      Object {
                        "alignItems": "center",
                        "backgroundColor": "rgb(246,245,248)",
                        "borderRadius": 24,
                        "flexDirection": "row",
                        "marginBottom": 4,
                        "marginTop": 4,
                        "minHeight": 48,
                        "opacity": 1,
                        "width": 562.5,
                      }
                    }
                  >
                    <View
                      style={
                        Array [
                          Object {
                            "alignItems": "center",
                            "backgroundColor": "white",
                            "borderRadius": 17.5,
                            "justifyContent": "center",
                            "margin": 6,
                            "minHeight": 36,
                            "width": 36,
                          },
                          Object {
                            "paddingVertical": 0,
                          },
                        ]
                      }
                    >
                      <Text
                        style={
                          Object {
                            "color": "black",
                          }
                        }
                      >
                        C
                      </Text>
                    </View>
                    <View
                      onLayout={[Function]}
                      style={
                        Object {
                          "alignContent": "center",
                          "justifyContent": "center",
                          "paddingLeft": 7,
                          "paddingVertical": 5,
                          "width": "80%",
                        }
                      }
                    >
                      <Text
                        style={
                          Object {
                            "color": "black",
                            "fontSize": 16,
                            "lineHeight": 24,
                          }
                        }
                      >
                        None of above
                      </Text>
                    </View>
                  </View>
                </View>
                <View
                  accessible={true}
                  focusable={false}
                  onClick={[Function]}
                  onResponderGrant={[Function]}
                  onResponderMove={[Function]}
                  onResponderRelease={[Function]}
                  onResponderTerminate={[Function]}
                  onResponderTerminationRequest={[Function]}
                  onStartShouldSetResponder={[Function]}
                  style={
                    Object {
                      "backgroundColor": "white",
                      "borderColor": "rgb(246,245,248)",
                      "borderRadius": 24,
                      "borderWidth": 2,
                      "marginTop": 12,
                      "opacity": 1,
                      "paddingHorizontal": 20,
                      "paddingVertical": 16,
                      "shadowColor": "rgb(35,35,35)",
                      "shadowOffset": Object {
                        "heght": 2,
                        "width": 2,
                      },
                      "shadowOpacity": 0.08,
                      "shadowRadius": 40,
                      "width": "100%",
                    }
                  }
                >
                  <View
                    style={
                      Object {
                        "alignItems": "center",
                        "flexDirection": "row",
                        "justifyContent": "space-between",
                        "paddingBottom": 8,
                      }
                    }
                  >
                    <View
                      style={
                        Object {
                          "backgroundColor": "rgb(246,245,248)",
                          "borderRadius": 16,
                        }
                      }
                    >
                      <Text
                        style={
                          Object {
                            "color": "rgb(71,71,71)",
                            "fontSize": 12,
                            "letterSpacing": 0.8,
                            "lineHeight": 16,
                            "paddingHorizontal": 8,
                            "paddingVertical": 4,
                          }
                        }
                      >
                        3/4
                      </Text>
                    </View>
                  </View>
                  <View>
                    <Text
                      style={
                        Object {
                          "color": "black",
                          "fontSize": 20,
                          "lineHeight": 24,
                          "paddingBottom": 20,
                          "paddingTop": 8,
                        }
                      }
                    >
                      Are there official standards for Design Systems?
                    </Text>
                  </View>
                  <View
                    accessible={true}
                    focusable={true}
                    onClick={[Function]}
                    onResponderGrant={[Function]}
                    onResponderMove={[Function]}
                    onResponderRelease={[Function]}
                    onResponderTerminate={[Function]}
                    onResponderTerminationRequest={[Function]}
                    onStartShouldSetResponder={[Function]}
                    style={
                      Object {
                        "alignItems": "center",
                        "backgroundColor": "rgb(246,245,248)",
                        "borderRadius": 24,
                        "flexDirection": "row",
                        "marginBottom": 4,
                        "marginTop": 4,
                        "minHeight": 48,
                        "opacity": 1,
                        "width": 562.5,
                      }
                    }
                  >
                    <View
                      style={
                        Array [
                          Object {
                            "alignItems": "center",
                            "backgroundColor": "white",
                            "borderRadius": 17.5,
                            "justifyContent": "center",
                            "margin": 6,
                            "minHeight": 36,
                            "width": 36,
                          },
                          Object {
                            "paddingVertical": 0,
                          },
                        ]
                      }
                    >
                      <Text
                        style={
                          Object {
                            "color": "black",
                          }
                        }
                      >
                        A
                      </Text>
                    </View>
                    <View
                      onLayout={[Function]}
                      style={
                        Object {
                          "alignContent": "center",
                          "justifyContent": "center",
                          "paddingLeft": 7,
                          "paddingVertical": 5,
                          "width": "80%",
                        }
                      }
                    >
                      <Text
                        style={
                          Object {
                            "color": "black",
                            "fontSize": 16,
                            "lineHeight": 24,
                          }
                        }
                      >
                        Yes
                      </Text>
                    </View>
                  </View>
                  <View
                    accessible={true}
                    focusable={true}
                    onClick={[Function]}
                    onResponderGrant={[Function]}
                    onResponderMove={[Function]}
                    onResponderRelease={[Function]}
                    onResponderTerminate={[Function]}
                    onResponderTerminationRequest={[Function]}
                    onStartShouldSetResponder={[Function]}
                    style={
                      Object {
                        "alignItems": "center",
                        "backgroundColor": "rgb(246,245,248)",
                        "borderRadius": 24,
                        "flexDirection": "row",
                        "marginBottom": 4,
                        "marginTop": 4,
                        "minHeight": 48,
                        "opacity": 1,
                        "width": 562.5,
                      }
                    }
                  >
                    <View
                      style={
                        Array [
                          Object {
                            "alignItems": "center",
                            "backgroundColor": "white",
                            "borderRadius": 17.5,
                            "justifyContent": "center",
                            "margin": 6,
                            "minHeight": 36,
                            "width": 36,
                          },
                          Object {
                            "paddingVertical": 0,
                          },
                        ]
                      }
                    >
                      <Text
                        style={
                          Object {
                            "color": "black",
                          }
                        }
                      >
                        B
                      </Text>
                    </View>
                    <View
                      onLayout={[Function]}
                      style={
                        Object {
                          "alignContent": "center",
                          "justifyContent": "center",
                          "paddingLeft": 7,
                          "paddingVertical": 5,
                          "width": "80%",
                        }
                      }
                    >
                      <Text
                        style={
                          Object {
                            "color": "black",
                            "fontSize": 16,
                            "lineHeight": 24,
                          }
                        }
                      >
                        No
                      </Text>
                    </View>
                  </View>
                </View>
                <View
                  accessible={true}
                  focusable={false}
                  onClick={[Function]}
                  onResponderGrant={[Function]}
                  onResponderMove={[Function]}
                  onResponderRelease={[Function]}
                  onResponderTerminate={[Function]}
                  onResponderTerminationRequest={[Function]}
                  onStartShouldSetResponder={[Function]}
                  style={
                    Object {
                      "backgroundColor": "white",
                      "borderColor": "rgb(246,245,248)",
                      "borderRadius": 24,
                      "borderWidth": 2,
                      "marginTop": 12,
                      "opacity": 1,
                      "paddingHorizontal": 20,
                      "paddingVertical": 16,
                      "shadowColor": "rgb(35,35,35)",
                      "shadowOffset": Object {
                        "heght": 2,
                        "width": 2,
                      },
                      "shadowOpacity": 0.08,
                      "shadowRadius": 40,
                      "width": "100%",
                    }
                  }
                >
                  <View
                    style={
                      Object {
                        "alignItems": "center",
                        "flexDirection": "row",
                        "justifyContent": "space-between",
                        "paddingBottom": 8,
                      }
                    }
                  >
                    <View
                      style={
                        Object {
                          "backgroundColor": "rgb(246,245,248)",
                          "borderRadius": 16,
                        }
                      }
                    >
                      <Text
                        style={
                          Object {
                            "color": "rgb(71,71,71)",
                            "fontSize": 12,
                            "letterSpacing": 0.8,
                            "lineHeight": 16,
                            "paddingHorizontal": 8,
                            "paddingVertical": 4,
                          }
                        }
                      >
                        4/4
                      </Text>
                    </View>
                  </View>
                  <View>
                    <Text
                      style={
                        Object {
                          "color": "black",
                          "fontSize": 20,
                          "lineHeight": 24,
                          "paddingBottom": 20,
                          "paddingTop": 8,
                        }
                      }
                    >
                      What kind of animal is the dolphin?
                    </Text>
                  </View>
                  <View
                    accessible={true}
                    focusable={true}
                    onClick={[Function]}
                    onResponderGrant={[Function]}
                    onResponderMove={[Function]}
                    onResponderRelease={[Function]}
                    onResponderTerminate={[Function]}
                    onResponderTerminationRequest={[Function]}
                    onStartShouldSetResponder={[Function]}
                    style={
                      Object {
                        "alignItems": "center",
                        "backgroundColor": "rgb(246,245,248)",
                        "borderRadius": 24,
                        "flexDirection": "row",
                        "marginBottom": 4,
                        "marginTop": 4,
                        "minHeight": 48,
                        "opacity": 1,
                        "width": 562.5,
                      }
                    }
                  >
                    <View
                      style={
                        Array [
                          Object {
                            "alignItems": "center",
                            "backgroundColor": "white",
                            "borderRadius": 17.5,
                            "justifyContent": "center",
                            "margin": 6,
                            "minHeight": 36,
                            "width": 36,
                          },
                          Object {
                            "paddingVertical": 0,
                          },
                        ]
                      }
                    >
                      <Text
                        style={
                          Object {
                            "color": "black",
                          }
                        }
                      >
                        A
                      </Text>
                    </View>
                    <View
                      onLayout={[Function]}
                      style={
                        Object {
                          "alignContent": "center",
                          "justifyContent": "center",
                          "paddingLeft": 7,
                          "paddingVertical": 5,
                          "width": "80%",
                        }
                      }
                    >
                      <Text
                        style={
                          Object {
                            "color": "black",
                            "fontSize": 16,
                            "lineHeight": 24,
                          }
                        }
                      >
                        Mammalr
                      </Text>
                    </View>
                  </View>
                  <View
                    accessible={true}
                    focusable={true}
                    onClick={[Function]}
                    onResponderGrant={[Function]}
                    onResponderMove={[Function]}
                    onResponderRelease={[Function]}
                    onResponderTerminate={[Function]}
                    onResponderTerminationRequest={[Function]}
                    onStartShouldSetResponder={[Function]}
                    style={
                      Object {
                        "alignItems": "center",
                        "backgroundColor": "rgb(246,245,248)",
                        "borderRadius": 24,
                        "flexDirection": "row",
                        "marginBottom": 4,
                        "marginTop": 4,
                        "minHeight": 48,
                        "opacity": 1,
                        "width": 562.5,
                      }
                    }
                  >
                    <View
                      style={
                        Array [
                          Object {
                            "alignItems": "center",
                            "backgroundColor": "white",
                            "borderRadius": 17.5,
                            "justifyContent": "center",
                            "margin": 6,
                            "minHeight": 36,
                            "width": 36,
                          },
                          Object {
                            "paddingVertical": 0,
                          },
                        ]
                      }
                    >
                      <Text
                        style={
                          Object {
                            "color": "black",
                          }
                        }
                      >
                        B
                      </Text>
                    </View>
                    <View
                      onLayout={[Function]}
                      style={
                        Object {
                          "alignContent": "center",
                          "justifyContent": "center",
                          "paddingLeft": 7,
                          "paddingVertical": 5,
                          "width": "80%",
                        }
                      }
                    >
                      <Text
                        style={
                          Object {
                            "color": "black",
                            "fontSize": 16,
                            "lineHeight": 24,
                          }
                        }
                      >
                        Reptile
                      </Text>
                    </View>
                  </View>
                  <View
                    accessible={true}
                    focusable={true}
                    onClick={[Function]}
                    onResponderGrant={[Function]}
                    onResponderMove={[Function]}
                    onResponderRelease={[Function]}
                    onResponderTerminate={[Function]}
                    onResponderTerminationRequest={[Function]}
                    onStartShouldSetResponder={[Function]}
                    style={
                      Object {
                        "alignItems": "center",
                        "backgroundColor": "rgb(246,245,248)",
                        "borderRadius": 24,
                        "flexDirection": "row",
                        "marginBottom": 4,
                        "marginTop": 4,
                        "minHeight": 48,
                        "opacity": 1,
                        "width": 562.5,
                      }
                    }
                  >
                    <View
                      style={
                        Array [
                          Object {
                            "alignItems": "center",
                            "backgroundColor": "white",
                            "borderRadius": 17.5,
                            "justifyContent": "center",
                            "margin": 6,
                            "minHeight": 36,
                            "width": 36,
                          },
                          Object {
                            "paddingVertical": 0,
                          },
                        ]
                      }
                    >
                      <Text
                        style={
                          Object {
                            "color": "black",
                          }
                        }
                      >
                        C
                      </Text>
                    </View>
                    <View
                      onLayout={[Function]}
                      style={
                        Object {
                          "alignContent": "center",
                          "justifyContent": "center",
                          "paddingLeft": 7,
                          "paddingVertical": 5,
                          "width": "80%",
                        }
                      }
                    >
                      <Text
                        style={
                          Object {
                            "color": "black",
                            "fontSize": 16,
                            "lineHeight": 24,
                          }
                        }
                      >
                        Fish
                      </Text>
                    </View>
                  </View>
                  <View
                    accessible={true}
                    focusable={true}
                    onClick={[Function]}
                    onResponderGrant={[Function]}
                    onResponderMove={[Function]}
                    onResponderRelease={[Function]}
                    onResponderTerminate={[Function]}
                    onResponderTerminationRequest={[Function]}
                    onStartShouldSetResponder={[Function]}
                    style={
                      Object {
                        "alignItems": "center",
                        "backgroundColor": "rgb(246,245,248)",
                        "borderRadius": 24,
                        "flexDirection": "row",
                        "marginBottom": 4,
                        "marginTop": 4,
                        "minHeight": 48,
                        "opacity": 1,
                        "width": 562.5,
                      }
                    }
                  >
                    <View
                      style={
                        Array [
                          Object {
                            "alignItems": "center",
                            "backgroundColor": "white",
                            "borderRadius": 17.5,
                            "justifyContent": "center",
                            "margin": 6,
                            "minHeight": 36,
                            "width": 36,
                          },
                          Object {
                            "paddingVertical": 0,
                          },
                        ]
                      }
                    >
                      <Text
                        style={
                          Object {
                            "color": "black",
                          }
                        }
                      >
                        C
                      </Text>
                    </View>
                    <View
                      onLayout={[Function]}
                      style={
                        Object {
                          "alignContent": "center",
                          "justifyContent": "center",
                          "paddingLeft": 7,
                          "paddingVertical": 5,
                          "width": "80%",
                        }
                      }
                    >
                      <Text
                        style={
                          Object {
                            "color": "black",
                            "fontSize": 16,
                            "lineHeight": 24,
                          }
                        }
                      >
                        Amphibian
                      </Text>
                    </View>
                  </View>
                </View>
              </View>
            </View>
          </View>
        </RCTScrollView>
      </View>
    </View>
  </RCTScrollView>
</View>
`;
